[    0.000000] Linux version 4.15.0-106-generic (buildd@lcy01-amd64-016) (gcc version 7.5.0 (Ubuntu 7.5.0-3ubuntu1~18.04)) #107-Ubuntu SMP Thu Jun 4 11:27:52 UTC 2020 (Ubuntu 4.15.0-106.107-generic 4.15.18)
[    0.000000] Command line: BOOT_IMAGE=/boot/vmlinuz-4.15.0-106-generic root=LABEL=cloudimg-rootfs ro console=tty1 console=ttyS0
[    0.000000] KERNEL supported cpus:
[    0.000000]   Intel GenuineIntel
[    0.000000]   AMD AuthenticAMD
[    0.000000]   Centaur CentaurHauls
[    0.000000] x86/fpu: Supporting XSAVE feature 0x001: 'x87 floating point registers'
[    0.000000] x86/fpu: Supporting XSAVE feature 0x002: 'SSE registers'
[    0.000000] x86/fpu: Supporting XSAVE feature 0x004: 'AVX registers'
[    0.000000] x86/fpu: xstate_offset[2]:  576, xstate_sizes[2]:  256
[    0.000000] x86/fpu: Enabled xstate features 0x7, context size is 832 bytes, using 'standard' format.
[    0.000000] e820: BIOS-provided physical RAM map:
[    0.000000] BIOS-e820: [mem 0x0000000000000000-0x000000000009fbff] usable
[    0.000000] BIOS-e820: [mem 0x000000000009fc00-0x000000000009ffff] reserved
[    0.000000] BIOS-e820: [mem 0x00000000000f0000-0x00000000000fffff] reserved
[    0.000000] BIOS-e820: [mem 0x0000000000100000-0x000000007ffeffff] usable
[    0.000000] BIOS-e820: [mem 0x000000007fff0000-0x000000007fffffff] ACPI data
[    0.000000] BIOS-e820: [mem 0x00000000fec00000-0x00000000fec00fff] reserved
[    0.000000] BIOS-e820: [mem 0x00000000fee00000-0x00000000fee00fff] reserved
[    0.000000] BIOS-e820: [mem 0x00000000fffc0000-0x00000000ffffffff] reserved
[    0.000000] NX (Execute Disable) protection: active
[    0.000000] SMBIOS 2.5 present.
[    0.000000] DMI: innotek GmbH VirtualBox/VirtualBox, BIOS VirtualBox 12/01/2006
[    0.000000] Hypervisor detected: KVM
[    0.000000] e820: last_pfn = 0x7fff0 max_arch_pfn = 0x400000000
[    0.000000] MTRR: Disabled
[    0.000000] x86/PAT: MTRRs disabled, skipping PAT initialization too.
[    0.000000] CPU MTRRs all blank - virtualized system.
[    0.000000] x86/PAT: Configuration [0-7]: WB  WT  UC- UC  WB  WT  UC- UC  
[    0.000000] found SMP MP-table at [mem 0x0009fff0-0x0009ffff]
[    0.000000] Scanning 1 areas for low memory corruption
[    0.000000] RAMDISK: [mem 0x35a6b000-0x36d2cfff]
[    0.000000] ACPI: Early table checksum verification disabled
[    0.000000] ACPI: RSDP 0x00000000000E0000 000024 (v02 VBOX  )
[    0.000000] ACPI: XSDT 0x000000007FFF0030 00003C (v01 VBOX   VBOXXSDT 00000001 ASL  00000061)
[    0.000000] ACPI: FACP 0x000000007FFF00F0 0000F4 (v04 VBOX   VBOXFACP 00000001 ASL  00000061)
[    0.000000] ACPI: DSDT 0x000000007FFF0470 002325 (v02 VBOX   VBOXBIOS 00000002 INTL 20190509)
[    0.000000] ACPI: FACS 0x000000007FFF0200 000040
[    0.000000] ACPI: FACS 0x000000007FFF0200 000040
[    0.000000] ACPI: APIC 0x000000007FFF0240 00005C (v02 VBOX   VBOXAPIC 00000001 ASL  00000061)
[    0.000000] ACPI: SSDT 0x000000007FFF02A0 0001CC (v01 VBOX   VBOXCPUT 00000002 INTL 20190509)
[    0.000000] No NUMA configuration found
[    0.000000] Faking a node at [mem 0x0000000000000000-0x000000007ffeffff]
[    0.000000] NODE_DATA(0) allocated [mem 0x7ffc5000-0x7ffeffff]
[    0.000000] kvm-clock: cpu 0, msr 0:7ff44001, primary cpu clock
[    0.000000] kvm-clock: Using msrs 4b564d01 and 4b564d00
[    0.000000] kvm-clock: using sched offset of 3315749841 cycles
[    0.000000] clocksource: kvm-clock: mask: 0xffffffffffffffff max_cycles: 0x1cd42e4dffb, max_idle_ns: 881590591483 ns
[    0.000000] Zone ranges:
[    0.000000]   DMA      [mem 0x0000000000001000-0x0000000000ffffff]
[    0.000000]   DMA32    [mem 0x0000000001000000-0x000000007ffeffff]
[    0.000000]   Normal   empty
[    0.000000]   Device   empty
[    0.000000] Movable zone start for each node
[    0.000000] Early memory node ranges
[    0.000000]   node   0: [mem 0x0000000000001000-0x000000000009efff]
[    0.000000]   node   0: [mem 0x0000000000100000-0x000000007ffeffff]
[    0.000000] Reserved but unavailable: 98 pages
[    0.000000] Initmem setup node 0 [mem 0x0000000000001000-0x000000007ffeffff]
[    0.000000] ACPI: PM-Timer IO Port: 0x4008
[    0.000000] IOAPIC[0]: apic_id 2, version 32, address 0xfec00000, GSI 0-23
[    0.000000] ACPI: INT_SRC_OVR (bus 0 bus_irq 0 global_irq 2 dfl dfl)
[    0.000000] ACPI: INT_SRC_OVR (bus 0 bus_irq 9 global_irq 9 low level)
[    0.000000] Using ACPI (MADT) for SMP configuration information
[    0.000000] smpboot: Allowing 2 CPUs, 0 hotplug CPUs
[    0.000000] PM: Registered nosave memory: [mem 0x00000000-0x00000fff]
[    0.000000] PM: Registered nosave memory: [mem 0x0009f000-0x0009ffff]
[    0.000000] PM: Registered nosave memory: [mem 0x000a0000-0x000effff]
[    0.000000] PM: Registered nosave memory: [mem 0x000f0000-0x000fffff]
[    0.000000] e820: [mem 0x80000000-0xfebfffff] available for PCI devices
[    0.000000] Booting paravirtualized kernel on KVM
[    0.000000] clocksource: refined-jiffies: mask: 0xffffffff max_cycles: 0xffffffff, max_idle_ns: 7645519600211568 ns
[    0.000000] random: get_random_bytes called from start_kernel+0x99/0x4fd with crng_init=0
[    0.000000] setup_percpu: NR_CPUS:8192 nr_cpumask_bits:2 nr_cpu_ids:2 nr_node_ids:1
[    0.000000] percpu: Embedded 45 pages/cpu s147456 r8192 d28672 u1048576
[    0.000000] PV qspinlock hash table entries: 256 (order: 0, 4096 bytes)
[    0.000000] Built 1 zonelists, mobility grouping on.  Total pages: 515961
[    0.000000] Policy zone: DMA32
[    0.000000] Kernel command line: BOOT_IMAGE=/boot/vmlinuz-4.15.0-106-generic root=LABEL=cloudimg-rootfs ro console=tty1 console=ttyS0
[    0.000000] Memory: 2015236K/2096696K available (12300K kernel code, 2481K rwdata, 4272K rodata, 2436K init, 2720K bss, 81460K reserved, 0K cma-reserved)
[    0.000000] SLUB: HWalign=64, Order=0-3, MinObjects=0, CPUs=2, Nodes=1
[    0.000000] Kernel/User page tables isolation: enabled
[    0.000000] ftrace: allocating 39378 entries in 154 pages
[    0.004000] Hierarchical RCU implementation.
[    0.004000] 	RCU restricting CPUs from NR_CPUS=8192 to nr_cpu_ids=2.
[    0.004000] 	Tasks RCU enabled.
[    0.004000] RCU: Adjusting geometry for rcu_fanout_leaf=16, nr_cpu_ids=2
[    0.004000] NR_IRQS: 524544, nr_irqs: 440, preallocated irqs: 16
[    0.004000] Console: colour VGA+ 80x25
[    0.004000] console [tty1] enabled
[    0.004000] console [ttyS0] enabled
[    0.004000] ACPI: Core revision 20170831
[    0.004000] ACPI: 2 ACPI AML tables successfully acquired and loaded
[    0.004000] APIC: Switch to symmetric I/O mode setup
[    0.004000] x2apic enabled
[    0.004000] Switched APIC routing to physical x2apic.
[    0.004000] ..TIMER: vector=0x30 apic1=0 pin1=2 apic2=-1 pin2=-1
[    0.004000] tsc: Detected 1799.999 MHz processor
[    0.004016] Calibrating delay loop (skipped) preset value.. 3599.99 BogoMIPS (lpj=7199996)
[    0.005018] pid_max: default: 32768 minimum: 301
[    0.005609] Security Framework initialized
[    0.006195] Yama: becoming mindful.
[    0.006630] AppArmor: AppArmor initialized
[    0.007806] Dentry cache hash table entries: 262144 (order: 9, 2097152 bytes)
[    0.008710] Inode-cache hash table entries: 131072 (order: 8, 1048576 bytes)
[    0.009626] Mount-cache hash table entries: 4096 (order: 3, 32768 bytes)
[    0.010529] Mountpoint-cache hash table entries: 4096 (order: 3, 32768 bytes)
[    0.012252] Last level iTLB entries: 4KB 64, 2MB 8, 4MB 8
[    0.012933] Last level dTLB entries: 4KB 64, 2MB 0, 4MB 0, 1GB 4
[    0.013609] Spectre V1 : Mitigation: usercopy/swapgs barriers and __user pointer sanitization
[    0.014562] Spectre V2 : Mitigation: Full generic retpoline
[    0.015190] Spectre V2 : Spectre v2 / SpectreRSB mitigation: Filling RSB on context switch
[    0.016013] Speculative Store Bypass: Vulnerable
[    0.016754] SRBDS: Unknown: Dependent on hypervisor status
[    0.017400] MDS: Mitigation: Clear CPU buffers
[    0.018115] Freeing SMP alternatives memory: 36K
[    0.129957] smpboot: CPU0: Intel(R) Core(TM) i5-8265U CPU @ 1.60GHz (family: 0x6, model: 0x8e, stepping: 0xc)
[    0.131376] Performance Events: unsupported p6 CPU model 142 no PMU driver, software events only.
[    0.132000] Hierarchical SRCU implementation.
[    0.132505] NMI watchdog: Perf event create on CPU 0 failed with -2
[    0.133270] NMI watchdog: Perf NMI watchdog permanently disabled
[    0.134019] smp: Bringing up secondary CPUs ...
[    0.134667] x86: Booting SMP configuration:
[    0.135164] .... node  #0, CPUs:      #1
[    0.004000] kvm-clock: cpu 1, msr 0:7ff44041, secondary cpu clock
[    0.138940] smp: Brought up 1 node, 2 CPUs
[    0.138940] smpboot: Max logical packages: 1
[    0.140004] smpboot: Total of 2 processors activated (7199.99 BogoMIPS)
[    0.140959] devtmpfs: initialized
[    0.140959] x86/mm: Memory block size: 128MB
[    0.141252] evm: security.selinux
[    0.141723] evm: security.SMACK64
[    0.142264] evm: security.SMACK64EXEC
[    0.144004] evm: security.SMACK64TRANSMUTE
[    0.144504] evm: security.SMACK64MMAP
[    0.144979] evm: security.apparmor
[    0.145406] evm: security.ima
[    0.145787] evm: security.capability
[    0.146286] clocksource: jiffies: mask: 0xffffffff max_cycles: 0xffffffff, max_idle_ns: 7645041785100000 ns
[    0.146286] futex hash table entries: 512 (order: 3, 32768 bytes)
[    0.148089] pinctrl core: initialized pinctrl subsystem
[    0.148972] RTC time:  5:53:18, date: 06/26/20
[    0.149648] NET: Registered protocol family 16
[    0.150317] audit: initializing netlink subsys (disabled)
[    0.151003] audit: type=2000 audit(1593150802.965:1): state=initialized audit_enabled=0 res=1
[    0.152007] cpuidle: using governor ladder
[    0.152517] cpuidle: using governor menu
[    0.153247] ACPI: bus type PCI registered
[    0.154333] acpiphp: ACPI Hot Plug PCI Controller Driver version: 0.5
[    0.156205] PCI: Using configuration type 1 for base access
[    0.156920] HugeTLB registered 2.00 MiB page size, pre-allocated 0 pages
[    0.160112] ACPI: Added _OSI(Module Device)
[    0.160624] ACPI: Added _OSI(Processor Device)
[    0.161162] ACPI: Added _OSI(3.0 _SCP Extensions)
[    0.161765] ACPI: Added _OSI(Processor Aggregator Device)
[    0.162464] ACPI: Added _OSI(Linux-Dell-Video)
[    0.163020] ACPI: Added _OSI(Linux-Lenovo-NV-HDMI-Audio)
[    0.163619] ACPI: Added _OSI(Linux-HPI-Hybrid-Graphics)
[    0.164219] ACPI: Executed 1 blocks of module-level executable AML code
[    0.167766] ACPI: Interpreter enabled
[    0.168000] ACPI: (supports S0 S5)
[    0.168008] ACPI: Using IOAPIC for interrupt routing
[    0.168884] PCI: Using host bridge windows from ACPI; if necessary, use "pci=nocrs" and report a bug
[    0.172117] ACPI: Enabled 2 GPEs in block 00 to 07
[    0.178276] ACPI: PCI Root Bridge [PCI0] (domain 0000 [bus 00-ff])
[    0.179097] acpi PNP0A03:00: _OSC: OS supports [ASPM ClockPM Segments MSI]
[    0.180199] acpi PNP0A03:00: _OSC: not requesting OS control; OS requires [ExtendedConfig ASPM ClockPM MSI]
[    0.181502] acpi PNP0A03:00: fail to add MMCONFIG information, can't access extended PCI configuration space under this bridge.
[    0.183496] PCI host bridge to bus 0000:00
[    0.184022] pci_bus 0000:00: root bus resource [io  0x0000-0x0cf7 window]
[    0.184815] pci_bus 0000:00: root bus resource [io  0x0d00-0xffff window]
[    0.185569] pci_bus 0000:00: root bus resource [mem 0x000a0000-0x000bffff window]
[    0.186522] pci_bus 0000:00: root bus resource [mem 0x80000000-0xfdffffff window]
[    0.187750] pci_bus 0000:00: root bus resource [bus 00-ff]
[    0.189695] pci 0000:00:01.1: legacy IDE quirk: reg 0x10: [io  0x01f0-0x01f7]
[    0.190537] pci 0000:00:01.1: legacy IDE quirk: reg 0x14: [io  0x03f6]
[    0.192003] pci 0000:00:01.1: legacy IDE quirk: reg 0x18: [io  0x0170-0x0177]
[    0.193453] pci 0000:00:01.1: legacy IDE quirk: reg 0x1c: [io  0x0376]
[    0.218301] pci 0000:00:07.0: quirk: [io  0x4000-0x403f] claimed by PIIX4 ACPI
[    0.220023] pci 0000:00:07.0: quirk: [io  0x4100-0x410f] claimed by PIIX4 SMB
[    0.236509] ACPI: PCI Interrupt Link [LNKA] (IRQs 5 9 10 *11)
[    0.237580] ACPI: PCI Interrupt Link [LNKB] (IRQs 5 9 *10 11)
[    0.238442] ACPI: PCI Interrupt Link [LNKC] (IRQs 5 *9 10 11)
[    0.239255] ACPI: PCI Interrupt Link [LNKD] (IRQs 5 9 10 *11)
[    0.240351] SCSI subsystem initialized
[    0.240891] pci 0000:00:02.0: vgaarb: setting as boot VGA device
[    0.240891] pci 0000:00:02.0: vgaarb: VGA device added: decodes=io+mem,owns=io+mem,locks=none
[    0.241935] pci 0000:00:02.0: vgaarb: bridge control possible
[    0.242628] vgaarb: loaded
[    0.244050] ACPI: bus type USB registered
[    0.244560] usbcore: registered new interface driver usbfs
[    0.245204] usbcore: registered new interface driver hub
[    0.245855] usbcore: registered new device driver usb
[    0.246502] EDAC MC: Ver: 3.0.0
[    0.246502] PCI: Using ACPI for IRQ routing
[    0.248198] NetLabel: Initializing
[    0.248646] NetLabel:  domain hash size = 128
[    0.249169] NetLabel:  protocols = UNLABELED CIPSOv4 CALIPSO
[    0.249848] NetLabel:  unlabeled traffic allowed by default
[    0.250527] clocksource: Switched to clocksource kvm-clock
[    0.259686] VFS: Disk quotas dquot_6.6.0
[    0.260314] VFS: Dquot-cache hash table entries: 512 (order 0, 4096 bytes)
[    0.261388] AppArmor: AppArmor Filesystem Enabled
[    0.262035] pnp: PnP ACPI init
[    0.263239] pnp: PnP ACPI: found 3 devices
[    0.271712] clocksource: acpi_pm: mask: 0xffffff max_cycles: 0xffffff, max_idle_ns: 2085701024 ns
[    0.273064] NET: Registered protocol family 2
[    0.273981] TCP established hash table entries: 16384 (order: 5, 131072 bytes)
[    0.275193] TCP bind hash table entries: 16384 (order: 6, 262144 bytes)
[    0.276118] TCP: Hash tables configured (established 16384 bind 16384)
[    0.277788] UDP hash table entries: 1024 (order: 3, 32768 bytes)
[    0.278663] UDP-Lite hash table entries: 1024 (order: 3, 32768 bytes)
[    0.279657] NET: Registered protocol family 1
[    0.280337] pci 0000:00:00.0: Limiting direct PCI/PCI transfers
[    0.281246] pci 0000:00:01.0: Activating ISA DMA hang workarounds
[    0.281959] pci 0000:00:02.0: Video device with shadowed ROM at [mem 0x000c0000-0x000dffff]
[    0.283121] Unpacking initramfs...
[    0.546481] Freeing initrd memory: 19208K
[    0.547260] clocksource: tsc: mask: 0xffffffffffffffff max_cycles: 0x19f228ab7a2, max_idle_ns: 440795289252 ns
[    0.548685] platform rtc_cmos: registered platform RTC device (no PNP device found)
[    0.549872] Scanning for low memory corruption every 60 seconds
[    0.551185] Initialise system trusted keyrings
[    0.551779] Key type blacklist registered
[    0.552377] workingset: timestamp_bits=36 max_order=19 bucket_order=0
[    0.553945] zbud: loaded
[    0.554864] squashfs: version 4.0 (2009/01/31) Phillip Lougher
[    0.556425] fuse init (API version 7.26)
[    0.558664] Key type asymmetric registered
[    0.559679] Asymmetric key parser 'x509' registered
[    0.561255] Block layer SCSI generic (bsg) driver version 0.4 loaded (major 246)
[    0.562548] io scheduler noop registered
[    0.563099] io scheduler deadline registered
[    0.563710] io scheduler cfq registered (default)
[    0.564654] ACPI: AC Adapter [AC] (on-line)
[    0.565269] input: Power Button as /devices/LNXSYSTM:00/LNXPWRBN:00/input/input0
[    0.566352] ACPI: Power Button [PWRF]
[    0.566948] input: Sleep Button as /devices/LNXSYSTM:00/LNXSLPBN:00/input/input1
[    0.567909] ACPI: Sleep Button [SLPF]
[    0.569158] ACPI: Battery Slot [BAT0] (battery present)
[    0.570051] Serial: 8250/16550 driver, 32 ports, IRQ sharing enabled
[    0.591513] 00:02: ttyS0 at I/O 0x3f8 (irq = 4, base_baud = 115200) is a 16550A
[    0.594608] Linux agpgart interface v0.103
[    0.597617] loop: module loaded
[    0.599354] scsi host0: ata_piix
[    0.600139] scsi host1: ata_piix
[    0.600611] ata1: PATA max UDMA/33 cmd 0x1f0 ctl 0x3f6 bmdma 0xd000 irq 14
[    0.601536] ata2: PATA max UDMA/33 cmd 0x170 ctl 0x376 bmdma 0xd008 irq 15
[    0.602458] libphy: Fixed MDIO Bus: probed
[    0.603037] tun: Universal TUN/TAP device driver, 1.6
[    0.603880] PPP generic driver version 2.4.2
[    0.604637] ehci_hcd: USB 2.0 'Enhanced' Host Controller (EHCI) Driver
[    0.605504] ehci-pci: EHCI PCI platform driver
[    0.606196] ehci-platform: EHCI generic platform driver
[    0.607037] ohci_hcd: USB 1.1 'Open' Host Controller (OHCI) Driver
[    0.608002] ohci-pci: OHCI PCI platform driver
[    0.608764] ohci-platform: OHCI generic platform driver
[    0.609553] uhci_hcd: USB Universal Host Controller Interface driver
[    0.610785] i8042: PNP: PS/2 Controller [PNP0303:PS2K,PNP0f03:PS2M] at 0x60,0x64 irq 1,12
[    0.612374] serio: i8042 KBD port at 0x60,0x64 irq 1
[    0.613042] serio: i8042 AUX port at 0x60,0x64 irq 12
[    0.613875] mousedev: PS/2 mouse device common for all mice
[    0.615026] rtc_cmos rtc_cmos: rtc core: registered rtc_cmos as rtc0
[    0.615903] input: AT Translated Set 2 keyboard as /devices/platform/i8042/serio0/input/input2
[    0.617166] rtc_cmos rtc_cmos: alarms up to one day, 114 bytes nvram
[    0.617889] i2c /dev entries driver
[    0.618368] device-mapper: uevent: version 1.0.3
[    0.619056] device-mapper: ioctl: 4.37.0-ioctl (2017-09-20) initialised: dm-devel@redhat.com
[    0.620125] ledtrig-cpu: registered to indicate activity on CPUs
[    0.621417] NET: Registered protocol family 10
[    0.627268] Segment Routing with IPv6
[    0.627794] NET: Registered protocol family 17
[    0.628467] Key type dns_resolver registered
[    0.632533] mce: Using 0 MCE banks
[    0.633011] RAS: Correctable Errors collector initialized.
[    0.633698] sched_clock: Marking stable (632509065, 0)->(756275527, -123766462)
[    0.635216] registered taskstats version 1
[    0.635728] Loading compiled-in X.509 certificates
[    0.638303] Loaded X.509 cert 'Build time autogenerated kernel key: b1772ce3e036cbf6bf2b7e9ed9be0f8806d61091'
[    0.639528] zswap: loaded using pool lzo/zbud
[    0.643156] Key type big_key registered
[    0.643703] Key type trusted registered
[    0.645887] Key type encrypted registered
[    0.646413] AppArmor: AppArmor sha1 policy hashing enabled
[    0.647134] ima: No TPM chip found, activating TPM-bypass! (rc=-19)
[    0.647834] ima: Allocated hash algorithm: sha1
[    0.648481] evm: HMAC attrs: 0x1
[    0.649146]   Magic number: 8:820:871
[    0.649717] rtc_cmos rtc_cmos: setting system clock to 2020-06-26 05:53:19 UTC (1593150799)
[    0.651996] BIOS EDD facility v0.16 2004-Jun-25, 0 devices found
[    0.653180] EDD information not available.
[    0.797268] Freeing unused kernel image memory: 2436K
[    0.808254] Write protecting the kernel read-only data: 20480k
[    0.811125] Freeing unused kernel image memory: 2008K
[    0.813184] Freeing unused kernel image memory: 1872K
[    0.831195] x86/mm: Checked W+X mappings: passed, no W+X pages found.
[    0.833056] x86/mm: Checking user space page tables
[    0.846821] x86/mm: Checked W+X mappings: passed, no W+X pages found.
Loading, please wait...
starting version 237
[    0.909360] e1000: Intel(R) PRO/1000 Network Driver - version 7.3.21-k8-NAPI
[    0.910299] e1000: Copyright (c) 1999-2006 Intel Corporation.
[    0.914429] Fusion MPT base driver 3.04.20
[    0.914975] Copyright (c) 1999-2008 LSI Corporation
[    0.927546] Fusion MPT SPI Host driver 3.04.20
[    0.930956] AVX2 version of gcm_enc/dec engaged.
[    0.932578] AES CTR mode by8 optimization enabled
[    1.130337] input: ImExPS/2 Generic Explorer Mouse as /devices/platform/i8042/serio1/input/input4
[    1.398670] e1000 0000:00:03.0 eth0: (PCI:33MHz:32-bit) 02:08:97:ad:f6:aa
[    1.403124] e1000 0000:00:03.0 eth0: Intel(R) PRO/1000 Network Connection
[    1.972107] e1000 0000:00:08.0 eth1: (PCI:33MHz:32-bit) 08:00:27:f0:27:70
[    1.976082] e1000 0000:00:08.0 eth1: Intel(R) PRO/1000 Network Connection
[    1.978704] e1000 0000:00:08.0 enp0s8: renamed from eth1
[    1.980016] mptbase: ioc0: Initiating bringup
[    2.001017] e1000 0000:00:03.0 enp0s3: renamed from eth0
[    2.384711] ioc0: LSI53C1030 A0: Capabilities={Initiator}
[    4.581772] scsi host2: ioc0: LSI53C1030 A0, FwRev=00000000h, Ports=1, MaxQ=256, IRQ=20
[    6.377176] scsi 2:0:0:0: Direct-Access     VBOX     HARDDISK         1.0  PQ: 0 ANSI: 5
[    6.412315] scsi target2:0:0: Beginning Domain Validation
[    6.424688] scsi target2:0:0: Domain Validation skipping write tests
[    6.428244] scsi target2:0:0: Ending Domain Validation
[    6.431594] scsi target2:0:0: asynchronous
[    6.437707] scsi 2:0:1:0: Direct-Access     VBOX     HARDDISK         1.0  PQ: 0 ANSI: 5
[    6.472054] scsi target2:0:1: Beginning Domain Validation
[    6.479511] random: fast init done
[    6.481309] scsi target2:0:1: Domain Validation skipping write tests
[    6.483752] scsi target2:0:1: Ending Domain Validation
[    6.487138] scsi target2:0:1: asynchronous
[    6.500526] random: systemd-udevd: uninitialized urandom read (16 bytes read)
[    6.500685] sd 2:0:0:0: Attached scsi generic sg0 type 0
[    6.503881] random: systemd-udevd: uninitialized urandom read (16 bytes read)
[    6.506380] sd 2:0:1:0: Attached scsi generic sg1 type 0
[    6.508614] random: systemd-udevd: uninitialized urandom read (16 bytes read)
[    6.512871] sd 2:0:0:0: [sda] 20971520 512-byte logical blocks: (10.7 GB/10.0 GiB)
[    6.514603] sd 2:0:1:0: [sdb] 20480 512-byte logical blocks: (10.5 MB/10.0 MiB)
[    6.516279] sd 2:0:0:0: [sda] Write Protect is off
[    6.517449] sd 2:0:1:0: [sdb] Write Protect is off
[    6.519617] sd 2:0:0:0: [sda] Incomplete mode parameter data
[    6.520791] sd 2:0:0:0: [sda] Assuming drive cache: write through
[    6.521899] sd 2:0:1:0: [sdb] Incomplete mode parameter data
[    6.522944] sd 2:0:1:0: [sdb] Assuming drive cache: write through
[    6.526392]  sda: sda1
[    6.528292] sd 2:0:0:0: [sda] Attached SCSI disk
[    6.529277] sd 2:0:1:0: [sdb] Attached SCSI disk
Begin: Loading essential drivers ... [    7.968129] raid6: sse2x1   gen() 11243 MB/s
[    8.016113] raid6: sse2x1   xor()  7008 MB/s
[    8.064080] raid6: sse2x2   gen() 14590 MB/s
[    8.112079] raid6: sse2x2   xor()  9325 MB/s
[    8.160088] raid6: sse2x4   gen() 14396 MB/s
[    8.208166] raid6: sse2x4   xor()  8620 MB/s
[    8.256099] raid6: avx2x1   gen() 22897 MB/s
[    8.304081] raid6: avx2x1   xor() 14119 MB/s
[    8.352187] raid6: avx2x2   gen() 26216 MB/s
[    8.400072] raid6: avx2x2   xor() 18575 MB/s
[    8.448106] raid6: avx2x4   gen() 30566 MB/s
[    8.496086] raid6: avx2x4   xor() 17590 MB/s
[    8.496629] raid6: using algorithm avx2x4 gen() 30566 MB/s
[    8.497312] raid6: .... xor() 17590 MB/s, rmw enabled
[    8.497892] raid6: using avx2x2 recovery algorithm
[    8.499601] xor: automatically using best checksumming function   avx       
[    8.502657] async_tx: api initialized (async)
done.
Begin: Running /scripts/init-premount ... done.
Begin: Mounting root file system ... Begin: Running /scripts/local-top ... done.
Begin: Running /scripts/local-premount ... [    8.543988] Btrfs loaded, crc32c=crc32c-intel
Scanning for Btrfs filesystems
done.
Warning: fsck not present, so skipping root file system
[    8.573515] EXT4-fs (sda1): mounted filesystem with ordered data mode. Opts: (null)
done.
Begin: Running /scripts/local-bottom ... done.
Begin: Running /scripts/init-bottom ... done.
[    8.807908] ip_tables: (C) 2000-2006 Netfilter Core Team
[    8.836947] systemd[1]: systemd 237 running in system mode. (+PAM +AUDIT +SELINUX +IMA +APPARMOR +SMACK +SYSVINIT +UTMP +LIBCRYPTSETUP +GCRYPT +GNUTLS +ACL +XZ +LZ4 +SECCOMP +BLKID +ELFUTILS +KMOD -IDN2 +IDN -PCRE2 default-hierarchy=hybrid)
[    8.850614] systemd[1]: Detected virtualization oracle.
[    8.853513] systemd[1]: Detected architecture x86-64.

Welcome to [1mUbuntu 18.04.4 LTS[0m!

[    8.876797] systemd[1]: Set hostname to <ubuntu>.
[    8.881926] systemd[1]: Initializing machine ID from random generator.
[    8.883253] systemd[1]: Installed transient /etc/machine-id file.
[    9.219534] systemd[1]: Reached target Swap.
[[0;32m  OK  [0m] Reached target Swap.
[    9.221889] systemd[1]: Set up automount Arbitrary Executable File Formats File System Automount Point.
[[0;32m  OK  [0m] Set up automount Arbitrary Executabâ€¦rmats File System Automount Point.
[    9.224923] systemd[1]: Reached target User and Group Name Lookups.
[[0;32m  OK  [0m] Reached target User and Group Name Lookups.
[    9.228477] systemd[1]: Created slice User and Session Slice.
[[0;32m  OK  [0m] Created slice User and Session Slice.
[[0;32m  OK  [0m] Reached target System Time Synchronized.
[[0;32m  OK  [0m] Created slice System Slice.
[[0;32m  OK  [0m] Listening on LVM2 poll daemon socket.
[[0;32m  OK  [0m] Listening on LVM2 metadata daemon socket.
[[0;32m  OK  [0m] Listening on Journal Socket (/dev/log).
[[0;32m  OK  [0m] Created slice system-serial\x2dgetty.slice.
[[0;32m  OK  [0m] Listening on /dev/initctl Compatibility Named Pipe.
[[0;32m  OK  [0m] Listening on Syslog Socket.
[[0;32m  OK  [0m] Listening on Device-mapper event daemon FIFOs.
[[0;32m  OK  [0m] Reached target Slices.
[[0;32m  OK  [0m] Listening on Journal Audit Socket.
[[0;32m  OK  [0m] Listening on udev Control Socket.
[[0;32m  OK  [0m] Listening on Network Service Netlink Socket.
[[0;32m  OK  [0m] Listening on Journal Socket.
         Starting Load Kernel Modules...
         Starting Uncomplicated firewall...
         Mounting Kernel Debug File System...
         Starting Journal Service...
         Mounting Huge Pages File System...
         Mounting POSIX Message Queue File System...
         Starting Remount Root and Kernel File Systems...
         Starting Set the console keyboard layout...
[[0;32m  OK  [0m] Listening on udev Kernel Socket.
         Starting udev Coldplug all Devices...
         Starting Create list of required stâ€¦ce nodes for the current kernel...
[    9.310574] Loading iSCSI transport class v2.0-870.
[    9.317197] iscsi: registered transport (tcp)
[    9.336947] iscsi: registered transport (iser)
[[0;32m  OK  [0m] Started Forward Password Requests to Wall Directory Watch.
         Starting Monitoring of LVM2 mirrorsâ€¦ng dmeventd or progress polling...
[[0;32m  OK  [0m] Started Load Kernel Modules.
[[0;32m  OK  [0m] Started Uncomplicated firewall.
[[0;32m  OK  [0m] Mounted Kernel Debug File System.
[[0;32m  OK  [0m] Mounted Huge Pages File System.
[[0;32m  OK  [0m] Mounted POSIX Message Queue File System.
[[0;32m  OK  [0m] Started Create list of required staâ€¦vice nodes for the current kernel.
         Starting Create Static Device Nodes in /dev...
         Mounting Kernel Configuration File System...
         Mounting FUSE Control File System...
         Starting Apply Kernel Variables...
[[0;32m  OK  [0m] Mounted Kernel Configuration File System.
[[0;32m  OK  [0m] Mounted FUSE Control File System.
[    9.391366] EXT4-fs (sda1): re-mounted. Opts: (null)
[[0;32m  OK  [0m] Started Journal Service.
[[0;32m  OK  [0m] Started Remount Root and Kernel File Systems.
         Starting Load/Save Random Seed...
         Starting Flush Journal to Persistent Storage...
[[0;32m  OK  [0m] Started udev Coldplug all Devices.
[[0;32m  OK  [0m] Started Create Static Device Nodes in /dev.
[[0;32m  OK  [0m] Started Load/Save Random Seed.
         Starting udev Kernel Device Manager...
[[0;32m  OK  [0m] Started LVM2 metadata daemon.
[[0;32m  OK  [0m] Started Apply Kernel Variables.
[[0;32m  OK  [0m] Started Flush Journal to Persistent Storage.
[[0;32m  OK  [0m] Started Monitoring of LVM2 mirrors,â€¦sing dmeventd or progress polling.
[[0;32m  OK  [0m] Started udev Kernel Device Manager.
[[0;32m  OK  [0m] Started Set the console keyboard layout.
[[0;32m  OK  [0m] Started Dispatch Password Requests to Console Directory Watch.
[[0;32m  OK  [0m] Reached target Local Encrypted Volumes.
[[0;32m  OK  [0m] Reached target Local File Systems (Pre).
[[0;32m  OK  [0m] Reached target Local File Systems.
         Starting ebtables ruleset management...
         Starting Tell Plymouth To Write Out Runtime Data...
         Starting Set console font and keymap...
         Starting AppArmor initialization...
         Starting Commit a transient machine-id on disk...
         Starting Create Volatile Files and Directories...
[[0;32m  OK  [0m] Started Tell Plymouth To Write Out Runtime Data.
[[0;32m  OK  [0m] Started Set console font and keymap.
[[0;32m  OK  [0m] Started Create Volatile Files and Directories.
         Starting Update UTMP about System Boot/Shutdown...
[[0;32m  OK  [0m] Started Update UTMP about System Boot/Shutdown.
[[0;32m  OK  [0m] Started Commit a transient machine-id on disk.
[[0;32m  OK  [0m] Started ebtables ruleset management.
[[0;32m  OK  [0m] Found device /dev/ttyS0.
[[0;32m  OK  [0m] Listening on Load/Save RF Kill Switch Status /dev/rfkill Watch.
[[0;32m  OK  [0m] Started AppArmor initialization.
         Starting Initial cloud-init job (pre-networking)...
[   11.816176] cloud-init[552]: Cloud-init v. 19.4-33-gbb4131a2-0ubuntu1~18.04.1 running 'init-local' at Fri, 26 Jun 2020 05:53:30 +0000. Up 11.42 seconds.
[[0;32m  OK  [0m] Started Initial cloud-init job (pre-networking).
[[0;32m  OK  [0m] Reached target Network (Pre).
         Starting Network Service...
[[0;32m  OK  [0m] Started Network Service.
         Starting Wait for Network to be Configured...
         Starting Network Name Resolution...
[[0;32m  OK  [0m] Started Network Name Resolution.
[[0;32m  OK  [0m] Reached target Network.
[[0;32m  OK  [0m] Reached target Host and Network Name Lookups.
[[0;32m  OK  [0m] Started Wait for Network to be Configured.
         Starting Initial cloud-init job (metadata service crawler)...
[   13.727509] cloud-init[676]: Cloud-init v. 19.4-33-gbb4131a2-0ubuntu1~18.04.1 running 'init' at Fri, 26 Jun 2020 05:53:32 +0000. Up 13.56 seconds.
[   13.728663] cloud-init[676]: ci-info: ++++++++++++++++++++++++++++++++++++++Net device info++++++++++++++++++++++++++++++++++++++
[   13.744282] cloud-init[676]: ci-info: +--------+-------+---------------------------+---------------+--------+-------------------+
[   13.745399] cloud-init[676]: ci-info: | Device |   Up  |          Address          |      Mask     | Scope  |     Hw-Address    |
[   13.746553] cloud-init[676]: ci-info: +--------+-------+---------------------------+---------------+--------+-------------------+
[   13.747641] cloud-init[676]: ci-info: | enp0s3 |  True |         10.0.2.15         | 255.255.255.0 | global | 02:08:97:ad:f6:aa |
[   13.766897] cloud-init[676]: ci-info: | enp0s3 |  True | fe80::8:97ff:fead:f6aa/64 |       .       |  link  | 02:08:97:ad:f6:aa |
[   13.768049] cloud-init[676]: ci-info: | enp0s8 | False |             .             |       .       |   .    | 08:00:27:f0:27:70 |
[   13.769234] cloud-init[676]: ci-info: |   lo   |  True |         127.0.0.1         |   255.0.0.0   |  host  |         .         |
[   13.770473] cloud-init[676]: ci-info: |   lo   |  True |          ::1/128          |       .       |  host  |         .         |
[   13.772141] cloud-init[676]: ci-info: +--------+-------+---------------------------+---------------+--------+-------------------+
[   13.773507] cloud-init[676]: ci-info: ++++++++++++++++++++++++++++Route IPv4 info+++++++++++++++++++++++++++++
[   13.774650] cloud-init[676]: ci-info: +-------+-------------+----------+-----------------+-----------+-------+
[   13.775843] cloud-init[676]: ci-info: | Route | Destination | Gateway  |     Genmask     | Interface | Flags |
[   13.776926] cloud-init[676]: ci-info: +-------+-------------+----------+-----------------+-----------+-------+
[   13.778031] cloud-init[676]: ci-info: |   0   |   0.0.0.0   | 10.0.2.2 |     0.0.0.0     |   enp0s3  |   UG  |
[   13.779126] cloud-init[676]: ci-info: |   1   |   10.0.2.0  | 0.0.0.0  |  255.255.255.0  |   enp0s3  |   U   |
[   13.780300] cloud-init[676]: ci-info: |   2   |   10.0.2.2  | 0.0.0.0  | 255.255.255.255 |   enp0s3  |   UH  |
[   13.781417] cloud-init[676]: ci-info: +-------+-------------+----------+-----------------+-----------+-------+
[   13.782522] cloud-init[676]: ci-info: +++++++++++++++++++Route IPv6 info+++++++++++++++++++
[   13.783737] cloud-init[676]: ci-info: +-------+-------------+---------+-----------+-------+
[   13.785912] cloud-init[676]: ci-info: | Route | Destination | Gateway | Interface | Flags |
[   13.787169] cloud-init[676]: ci-info: +-------+-------------+---------+-----------+-------+
[   13.788052] cloud-init[676]: ci-info: |   1   |  fe80::/64  |    ::   |   enp0s3  |   U   |
[   13.788908] cloud-init[676]: ci-info: |   3   |    local    |    ::   |   enp0s3  |   U   |
[   13.789679] cloud-init[676]: ci-info: |   4   |   ff00::/8  |    ::   |   enp0s3  |   U   |
[   13.790562] cloud-init[676]: ci-info: +-------+-------------+---------+-----------+-------+
[   14.412117] cloud-init[676]: Generating public/private rsa key pair.
[   14.412813] cloud-init[676]: Your identification has been saved in /etc/ssh/ssh_host_rsa_key.
[   14.413663] cloud-init[676]: Your public key has been saved in /etc/ssh/ssh_host_rsa_key.pub.
[   14.414572] cloud-init[676]: The key fingerprint is:
[   14.415145] cloud-init[676]: SHA256:qMTR/i97EK5f2FpT7v09dMKdsPTrvEDVxOtKQqgvFTk root@ubuntu-bionic
[   14.416241] cloud-init[676]: The key's randomart image is:
[   14.416878] cloud-init[676]: +---[RSA 2048]----+
[   14.417403] cloud-init[676]: |               ..|
[   14.417917] cloud-init[676]: |     .         .o|
[   14.418425] cloud-init[676]: |    . .   o    .o|
[   14.418987] cloud-init[676]: |   . o ..E . o.. |
[   14.419681] cloud-init[676]: |    o o.S.+ oo=..|
[   14.420345] cloud-init[676]: |   . . oo+ +.oo=o|
[   14.421149] cloud-init[676]: |    .  .=.= +.o.o|
[   14.421885] cloud-init[676]: |      ...*.o ooo.|
[   14.422624] cloud-init[676]: |       .=+. . o==|
[   14.423290] cloud-init[676]: +----[SHA256]-----+
[   14.423850] cloud-init[676]: Generating public/private dsa key pair.
[   14.424515] cloud-init[676]: Your identification has been saved in /etc/ssh/ssh_host_dsa_key.
[   14.444572] cloud-init[676]: Your public key has been saved in /etc/ssh/ssh_host_dsa_key.pub.
[   14.445692] cloud-init[676]: The key fingerprint is:
[   14.446460] cloud-init[676]: SHA256:SRS5vFjFKBaOLy1x9qMYQMti/bPTLhlqQxRofrSjeoo root@ubuntu-bionic
[   14.447627] cloud-init[676]: The key's randomart image is:
[   14.448400] cloud-init[676]: +---[DSA 1024]----+
[   14.449295] cloud-init[676]: |  o   ..o=       |
[   14.450032] cloud-init[676]: | =.+ oo.o o      |
[   14.450662] cloud-init[676]: |+.=.=.+o.o       |
[   14.451325] cloud-init[676]: |.o *.* o+.       |
[   14.451969] cloud-init[676]: |  + =oooS.       |
[   14.452566] cloud-init[676]: | . . *=...       |
[   14.453165] cloud-init[676]: |. . oo+.         |
[   14.453761] cloud-init[676]: |o .+ oo          |
[   14.454368] cloud-init[676]: |Eo. . ..         |
[   14.454983] cloud-init[676]: +----[SHA256]-----+
[   14.455569] cloud-init[676]: Generating public/private ecdsa key pair.
[   14.456521] cloud-init[676]: Your identification has been saved in /etc/ssh/ssh_host_ecdsa_key.
[   14.457845] cloud-init[676]: Your public key has been saved in /etc/ssh/ssh_host_ecdsa_key.pub.
[   14.459144] cloud-init[676]: The key fingerprint is:
[   14.460154] cloud-init[676]: SHA256:JQSpxFfyDJpcpGl1VY0LrgKj+Xso33hru5b/KrZ6pDA root@ubuntu-bionic
[   14.463045] cloud-init[676]: The key's randomart image is:
[   14.464054] cloud-init[676]: +---[ECDSA 256]---+
[   14.464952] cloud-init[676]: |   . .B++....o   |
[   14.465712] cloud-init[676]: |   .oBoB  . . .  |
[   14.466401] cloud-init[676]: |   .Bo  +... .   |
[   14.467087] cloud-init[676]: |   .+    o. .    |
[   14.467733] cloud-init[676]: |   o o  S.       |
[   14.468421] cloud-init[676]: |  E   o .        |
[   14.469076] cloud-init[676]: |   + + o         |
[   14.469712] cloud-init[676]: |  . +oX          |
[   14.470268] cloud-init[676]: |   o=X*Boo.      |
[   14.470884] cloud-init[676]: +----[SHA256]-----+
[   14.471414] cloud-init[676]: Generating public/private ed25519 key pair.
[   14.472267] cloud-init[676]: Your identification has been saved in /etc/ssh/ssh_host_ed25519_key.
[   14.472941] cloud-init[676]: Your public key has been saved in /etc/ssh/ssh_host_ed25519_key.pub.
[   14.474091] cloud-init[676]: The key fingerprint is:
[   14.474717] cloud-init[676]: SHA256:IP4R40GdHmTax6LF0RGjl2qUAzpkuL6aYSW1+zmj7pk root@ubuntu-bionic
[   14.475739] cloud-init[676]: The key's randomart image is:
[   14.476463] cloud-init[676]: +--[ED25519 256]--+
[   14.477068] cloud-init[676]: |   .o oo+o+o     |
[   14.477641] cloud-init[676]: |  .o o *+=.o     |
[   14.478228] cloud-init[676]: |   o+ *.X.=      |
[   14.478842] cloud-init[676]: |  o..+ O.*       |
[   14.479389] cloud-init[676]: | o o. + S        |
[   14.479998] cloud-init[676]: |  + .. o         |
[   14.480637] cloud-init[676]: |.. o  .          |
[   14.481243] cloud-init[676]: |.o. +o.          |
[   14.481880] cloud-init[676]: |o.oE.oo          |
[   14.482409] cloud-init[676]: +----[SHA256]-----+
[[0;32m  OK  [0m] Started Initial cloud-init job (metadata service crawler).
[[0;32m  OK  [0m] Reached target Network is Online.
[[0;32m  OK  [0m] Reached target Remote File Systems (Pre).
[[0;32m  OK  [0m] Reached target Remote File Systems.
         Starting Availability of block devices...
[[0;32m  OK  [0m] Reached target Cloud-config availability.
[[0;32m  OK  [0m] Reached target System Initialization.
[[0;32m  OK  [0m] Started Message of the Day.
[[0;32m  OK  [0m] Listening on UUID daemon activation socket.
[[0;32m  OK  [0m] Started Daily Cleanup of Temporary Directories.
         Starting LXD - unix socket.
[[0;32m  OK  [0m] Listening on ACPID Listen Socket.
[[0;32m  OK  [0m] Listening on Open-iSCSI iscsid Socket.
         Starting Socket activation for snappy daemon.
[[0;32m  OK  [0m] Started ACPI Events Check.
[[0;32m  OK  [0m] Reached target Paths.
[[0;32m  OK  [0m] Listening on D-Bus System Message Bus Socket.
[[0;32m  OK  [0m] Started Discard unused blocks once a week.
[[0;32m  OK  [0m] Started Daily apt download activities.
[[0;32m  OK  [0m] Started Daily apt upgrade and clean activities.
[[0;32m  OK  [0m] Reached target Timers.
[[0;32m  OK  [0m] Started Availability of block devices.
[[0;32m  OK  [0m] Listening on LXD - unix socket.
[[0;32m  OK  [0m] Listening on Socket activation for snappy daemon.
[[0;32m  OK  [0m] Reached target Sockets.
[[0;32m  OK  [0m] Reached target Basic System.
[[0;32m  OK  [0m] Started D-Bus System Message Bus.
         Starting LXD - container startup/shutdown...
         Starting System Logging Service...
         Starting Permit User Sessions...
         Starting Snappy daemon...
         Starting Virtualbox guest utils...
         Starting Login Service...
         Starting LSB: automatic crash report generation...
         Starting LSB: Record successful boot for GRUB...
[[0;32m  OK  [0m] Started Regular background program processing daemon.
         Starting Accounts Service...
[[0;32m  OK  [0m] Started FUSE filesystem for LXC.
         Starting Pollinate to seed the pseudo random number generator...
         Starting Dispatcher daemon for systemd-networkd...
[[0;32m  OK  [0m] Started Deferred execution scheduler.
[[0;32m  OK  [0m] Started irqbalance daemon.
[[0;32m  OK  [0m] Started System Logging Service.
[[0;32m  OK  [0m] Started Permit User Sessions.
[[0;32m  OK  [0m] Started Login Service.
[[0;32m  OK  [0m] Started Unattended Upgrades Shutdown.
         Starting Terminate Plymouth Boot Screen...
         Starting Hold until boot process finishes up...
[[0;32m  OK  [0m] Started Hold until boot process finishes up.
[[0;32m  OK  [0m] Started Serial Getty on ttyS0.
         Starting Set console scheme...
[[0;32m  OK  [0m] Started Terminate Plymouth Boot Screen.
[[0;32m  OK  [0m] Started Set console scheme.
[[0;32m  OK  [0m] Created slice system-getty.slice.
[[0;32m  OK  [0m] Started Getty on tty1.
[[0;32m  OK  [0m] Reached target Login Prompts.
[[0;32m  OK  [0m] Started LXD - container startup/shutdown.
[[0;32m  OK  [0m] Started LSB: automatic crash report generation.
         Starting Authorization Manager...
[[0;32m  OK  [0m] Started Authorization Manager.
[[0;32m  OK  [0m] Started Accounts Service.
[[0;32m  OK  [0m] Started Virtualbox guest utils.
[[0;32m  OK  [0m] Started LSB: Record successful boot for GRUB.
[[0;32m  OK  [0m] Started Dispatcher daemon for systemd-networkd.
[[0;32m  OK  [0m] Started Snappy daemon.
         Starting Wait until snapd is fully seeded...
[[0;32m  OK  [0m] Started Pollinate to seed the pseudo random number generator.
         Starting OpenBSD Secure Shell server...
[[0;32m  OK  [0m] Started OpenBSD Secure Shell server.
[[0;32m  OK  [0m] Created slice User Slice of vagrant.
         Starting User Manager for UID 1000...
[[0;32m  OK  [0m] Started Session 1 of user vagrant.
[[0;32m  OK  [0m] Started User Manager for UID 1000.
[[0;32m  OK  [0m] Started Wait until snapd is fully seeded.
         Starting Apply the settings specified in cloud-config...
[[0;32m  OK  [0m] Reached target Multi-User System.
[[0;32m  OK  [0m] Reached target Graphical Interface.
         Starting Update UTMP about System Runlevel Changes...
[[0;32m  OK  [0m] Started Update UTMP about System Runlevel Changes.
[   18.236758] cloud-init[1320]: Cloud-init v. 19.4-33-gbb4131a2-0ubuntu1~18.04.1 running 'modules:config' at Fri, 26 Jun 2020 05:53:36 +0000. Up 17.80 seconds.
[[0;32m  OK  [0m] Started Apply the settings specified in cloud-config.
         Starting Execute cloud user/final scripts...
         Stopping User Manager for UID 1000...
[[0;32m  OK  [0m] Stopped User Manager for UID 1000.
[[0;32m  OK  [0m] Removed slice User Slice of vagrant.
ci-info: no authorized SSH keys fingerprints found for user ubuntu.
<14>Jun 26 05:53:37 ec2: 
<14>Jun 26 05:53:37 ec2: #############################################################
<14>Jun 26 05:53:37 ec2: -----BEGIN SSH HOST KEY FINGERPRINTS-----
<14>Jun 26 05:53:37 ec2: 1024 SHA256:SRS5vFjFKBaOLy1x9qMYQMti/bPTLhlqQxRofrSjeoo root@ubuntu-bionic (DSA)
<14>Jun 26 05:53:37 ec2: 256 SHA256:JQSpxFfyDJpcpGl1VY0LrgKj+Xso33hru5b/KrZ6pDA root@ubuntu-bionic (ECDSA)
<14>Jun 26 05:53:37 ec2: 256 SHA256:IP4R40GdHmTax6LF0RGjl2qUAzpkuL6aYSW1+zmj7pk root@ubuntu-bionic (ED25519)
<14>Jun 26 05:53:37 ec2: 2048 SHA256:qMTR/i97EK5f2FpT7v09dMKdsPTrvEDVxOtKQqgvFTk root@ubuntu-bionic (RSA)
<14>Jun 26 05:53:37 ec2: -----END SSH HOST KEY FINGERPRINTS-----
<14>Jun 26 05:53:37 ec2: #############################################################
-----BEGIN SSH HOST KEY KEYS-----
ecdsa-sha2-nistp256 AAAAE2VjZHNhLXNoYTItbmlzdHAyNTYAAAAIbmlzdHAyNTYAAABBBBA+cfCMULW8rJox8A11xZKolj+pRC9pc+Zn7LzZZ2ancuuQ+RCG7fdORzpiU7QUhQPbTrMxUknHX/33F7i7LIk= root@ubuntu-bionic
ssh-ed25519 AAAAC3NzaC1lZDI1NTE5AAAAICw9l2P2xXUTMj362i4ocZgLlDL4ABwJRB+tyXCLzk8C root@ubuntu-bionic
ssh-rsa AAAAB3NzaC1yc2EAAAADAQABAAABAQDGrg+6OJxXATwgyAgHnJZstoK6PjvnefyPnNMvQM9iZENUp5QDnV1WGKwQ9mluac88IqgDDAB3VKBT3FgxOxvhDaQbGPhrFqHPjI2ZsGStu/thL0pWLP9TDDy+gcYccLLHtj2JqtWwfJPdcZE/10eyVK1S+iwJQjoePaEg7WV9uTIvpjy9S7B+hqCDTNkQYfppX6V/IFcz2uhWh5IhX5/P+19eNIiKcqNZ+GPBARg9p2I/TYTtOmcdvSD74xMYLtP7e+jrudbxTp81UqBA0CaeEWqWkJorBIzx949pjuvWvimKnZiH7pd01mC0UCk2vYNgsJq1J5Hrk6WwGs3/vXCN root@ubuntu-bionic
-----END SSH HOST KEY KEYS-----
[   18.972002] cloud-init[1479]: Cloud-init v. 19.4-33-gbb4131a2-0ubuntu1~18.04.1 running 'modules:final' at Fri, 26 Jun 2020 05:53:37 +0000. Up 18.77 seconds.
[   18.973877] cloud-init[1479]: ci-info: no authorized SSH keys fingerprints found for user ubuntu.
[   18.974981] cloud-init[1479]: Cloud-init v. 19.4-33-gbb4131a2-0ubuntu1~18.04.1 finished at Fri, 26 Jun 2020 05:53:37 +0000. Datasource DataSourceNoCloud [seed=/dev/sdb][dsmode=net].  Up 18.96 seconds
[[0;32m  OK  [0m] Started Execute cloud user/final scripts.
[[0;32m  OK  [0m] Reached target Cloud-init target.

Ubuntu 18.04.4 LTS ubuntu-bionic ttyS0

ubuntu-bionic login: 